Archive member included to satisfy reference by file (symbol)

C:/ST/STM32CubeCLT_1.16.0/GNU-tools-for-STM32/bin/../lib/gcc/arm-none-eabi/12.3.1/../../../../arm-none-eabi/lib/thumb/v7e-m+fp/hard\libc_nano.a(libc_a-exit.o)
                              C:/ST/STM32CubeCLT_1.16.0/GNU-tools-for-STM32/bin/../lib/gcc/arm-none-eabi/12.3.1/../../../../arm-none-eabi/lib/thumb/v7e-m+fp/hard/crt0.o (exit)
C:/ST/STM32CubeCLT_1.16.0/GNU-tools-for-STM32/bin/../lib/gcc/arm-none-eabi/12.3.1/../../../../arm-none-eabi/lib/thumb/v7e-m+fp/hard\libc_nano.a(libc_a-findfp.o)
                              C:/ST/STM32CubeCLT_1.16.0/GNU-tools-for-STM32/bin/../lib/gcc/arm-none-eabi/12.3.1/../../../../arm-none-eabi/lib/thumb/v7e-m+fp/hard\libc_nano.a(libc_a-exit.o) (__stdio_exit_handler)
C:/ST/STM32CubeCLT_1.16.0/GNU-tools-for-STM32/bin/../lib/gcc/arm-none-eabi/12.3.1/../../../../arm-none-eabi/lib/thumb/v7e-m+fp/hard\libc_nano.a(libc_a-fwalk.o)
                              C:/ST/STM32CubeCLT_1.16.0/GNU-tools-for-STM32/bin/../lib/gcc/arm-none-eabi/12.3.1/../../../../arm-none-eabi/lib/thumb/v7e-m+fp/hard\libc_nano.a(libc_a-findfp.o) (_fwalk_sglue)
C:/ST/STM32CubeCLT_1.16.0/GNU-tools-for-STM32/bin/../lib/gcc/arm-none-eabi/12.3.1/../../../../arm-none-eabi/lib/thumb/v7e-m+fp/hard\libc_nano.a(libc_a-stdio.o)
                              C:/ST/STM32CubeCLT_1.16.0/GNU-tools-for-STM32/bin/../lib/gcc/arm-none-eabi/12.3.1/../../../../arm-none-eabi/lib/thumb/v7e-m+fp/hard\libc_nano.a(libc_a-findfp.o) (__sread)
C:/ST/STM32CubeCLT_1.16.0/GNU-tools-for-STM32/bin/../lib/gcc/arm-none-eabi/12.3.1/../../../../arm-none-eabi/lib/thumb/v7e-m+fp/hard\libc_nano.a(libc_a-memset.o)
                              C:/ST/STM32CubeCLT_1.16.0/GNU-tools-for-STM32/bin/../lib/gcc/arm-none-eabi/12.3.1/../../../../arm-none-eabi/lib/thumb/v7e-m+fp/hard/crt0.o (memset)
C:/ST/STM32CubeCLT_1.16.0/GNU-tools-for-STM32/bin/../lib/gcc/arm-none-eabi/12.3.1/../../../../arm-none-eabi/lib/thumb/v7e-m+fp/hard\libc_nano.a(libc_a-closer.o)
                              C:/ST/STM32CubeCLT_1.16.0/GNU-tools-for-STM32/bin/../lib/gcc/arm-none-eabi/12.3.1/../../../../arm-none-eabi/lib/thumb/v7e-m+fp/hard\libc_nano.a(libc_a-stdio.o) (_close_r)
C:/ST/STM32CubeCLT_1.16.0/GNU-tools-for-STM32/bin/../lib/gcc/arm-none-eabi/12.3.1/../../../../arm-none-eabi/lib/thumb/v7e-m+fp/hard\libc_nano.a(libc_a-reent.o)
                              C:/ST/STM32CubeCLT_1.16.0/GNU-tools-for-STM32/bin/../lib/gcc/arm-none-eabi/12.3.1/../../../../arm-none-eabi/lib/thumb/v7e-m+fp/hard\libc_nano.a(libc_a-closer.o) (errno)
C:/ST/STM32CubeCLT_1.16.0/GNU-tools-for-STM32/bin/../lib/gcc/arm-none-eabi/12.3.1/../../../../arm-none-eabi/lib/thumb/v7e-m+fp/hard\libc_nano.a(libc_a-impure.o)
                              C:/ST/STM32CubeCLT_1.16.0/GNU-tools-for-STM32/bin/../lib/gcc/arm-none-eabi/12.3.1/../../../../arm-none-eabi/lib/thumb/v7e-m+fp/hard\libc_nano.a(libc_a-reent.o) (_impure_ptr)
C:/ST/STM32CubeCLT_1.16.0/GNU-tools-for-STM32/bin/../lib/gcc/arm-none-eabi/12.3.1/../../../../arm-none-eabi/lib/thumb/v7e-m+fp/hard\libc_nano.a(libc_a-lseekr.o)
                              C:/ST/STM32CubeCLT_1.16.0/GNU-tools-for-STM32/bin/../lib/gcc/arm-none-eabi/12.3.1/../../../../arm-none-eabi/lib/thumb/v7e-m+fp/hard\libc_nano.a(libc_a-stdio.o) (_lseek_r)
C:/ST/STM32CubeCLT_1.16.0/GNU-tools-for-STM32/bin/../lib/gcc/arm-none-eabi/12.3.1/../../../../arm-none-eabi/lib/thumb/v7e-m+fp/hard\libc_nano.a(libc_a-readr.o)
                              C:/ST/STM32CubeCLT_1.16.0/GNU-tools-for-STM32/bin/../lib/gcc/arm-none-eabi/12.3.1/../../../../arm-none-eabi/lib/thumb/v7e-m+fp/hard\libc_nano.a(libc_a-stdio.o) (_read_r)
C:/ST/STM32CubeCLT_1.16.0/GNU-tools-for-STM32/bin/../lib/gcc/arm-none-eabi/12.3.1/../../../../arm-none-eabi/lib/thumb/v7e-m+fp/hard\libc_nano.a(libc_a-writer.o)
                              C:/ST/STM32CubeCLT_1.16.0/GNU-tools-for-STM32/bin/../lib/gcc/arm-none-eabi/12.3.1/../../../../arm-none-eabi/lib/thumb/v7e-m+fp/hard\libc_nano.a(libc_a-stdio.o) (_write_r)
C:/ST/STM32CubeCLT_1.16.0/GNU-tools-for-STM32/bin/../lib/gcc/arm-none-eabi/12.3.1/../../../../arm-none-eabi/lib/thumb/v7e-m+fp/hard\libc_nano.a(libc_a-init.o)
                              C:/ST/STM32CubeCLT_1.16.0/GNU-tools-for-STM32/bin/../lib/gcc/arm-none-eabi/12.3.1/../../../../arm-none-eabi/lib/thumb/v7e-m+fp/hard/crt0.o (__libc_init_array)
C:/ST/STM32CubeCLT_1.16.0/GNU-tools-for-STM32/bin/../lib/gcc/arm-none-eabi/12.3.1/../../../../arm-none-eabi/lib/thumb/v7e-m+fp/hard\libc_nano.a(libc_a-lock.o)
                              C:/ST/STM32CubeCLT_1.16.0/GNU-tools-for-STM32/bin/../lib/gcc/arm-none-eabi/12.3.1/../../../../arm-none-eabi/lib/thumb/v7e-m+fp/hard\libc_nano.a(libc_a-findfp.o) (__retarget_lock_init_recursive)
C:/ST/STM32CubeCLT_1.16.0/GNU-tools-for-STM32/bin/../lib/gcc/arm-none-eabi/12.3.1/../../../../arm-none-eabi/lib/thumb/v7e-m+fp/hard\libc_nano.a(libc_a-freer.o)
[...]
Memory Configuration

Name             Origin             Length             Attributes
RAM              0x20000000         0x00020000         xrw
FLASH            0x08000000         0x00080000         xr
*default*        0x00000000         0xffffffff

Linker script and memory map

LOAD C:/ST/STM32CubeCLT_1.16.0/GNU-tools-for-STM32/bin/../lib/gcc/arm-none-eabi/12.3.1/thumb/v7e-m+fp/hard/crti.o
LOAD C:/ST/STM32CubeCLT_1.16.0/GNU-tools-for-STM32/bin/../lib/gcc/arm-none-eabi/12.3.1/thumb/v7e-m+fp/hard/crtbegin.o
LOAD C:/ST/STM32CubeCLT_1.16.0/GNU-tools-for-STM32/bin/../lib/gcc/arm-none-eabi/12.3.1/../../../../arm-none-eabi/lib/thumb/v7e-m+fp/hard/crt0.o
START GROUP
LOAD C:/ST/STM32CubeCLT_1.16.0/GNU-tools-for-STM32/bin/../lib/gcc/arm-none-eabi/12.3.1/../../../../arm-none-eabi/lib/thumb/v7e-m+fp/hard\libc_nano.a
LOAD C:/ST/STM32CubeCLT_1.16.0/GNU-tools-for-STM32/bin/../lib/gcc/arm-none-eabi/12.3.1/../../../../arm-none-eabi/lib/thumb/v7e-m+fp/hard\libm.a
END GROUP
LOAD CMakeFiles/CubeMxTest.dir/Core/Src/main.c.obj
LOAD CMakeFiles/CubeMxTest.dir/Core/Src/stm32f4xx_it.c.obj
LOAD CMakeFiles/CubeMxTest.dir/Core/Src/stm32f4xx_hal_msp.c.obj
LOAD CMakeFiles/CubeMxTest.dir/Drivers/STM32F4xx_HAL_Driver/Src/stm32f4xx_hal_tim.c.obj
LOAD CMakeFiles/CubeMxTest.dir/Drivers/STM32F4xx_HAL_Driver/Src/stm32f4xx_hal_tim_ex.c.obj
LOAD CMakeFiles/CubeMxTest.dir/Drivers/STM32F4xx_HAL_Driver/Src/stm32f4xx_hal_rcc.c.obj
LOAD CMakeFiles/CubeMxTest.dir/Drivers/STM32F4xx_HAL_Driver/Src/stm32f4xx_hal_rcc_ex.c.obj
LOAD CMakeFiles/CubeMxTest.dir/Drivers/STM32F4xx_HAL_Driver/Src/stm32f4xx_hal_flash.c.obj
LOAD CMakeFiles/CubeMxTest.dir/Drivers/STM32F4xx_HAL_Driver/Src/stm32f4xx_hal_flash_ex.c.obj
LOAD CMakeFiles/CubeMxTest.dir/Drivers/STM32F4xx_HAL_Driver/Src/stm32f4xx_hal_flash_ramfunc.c.obj
LOAD CMakeFiles/CubeMxTest.dir/Drivers/STM32F4xx_HAL_Driver/Src/stm32f4xx_hal_gpio.c.obj
LOAD CMakeFiles/CubeMxTest.dir/Drivers/STM32F4xx_HAL_Driver/Src/stm32f4xx_hal_dma_ex.c.obj
LOAD CMakeFiles/CubeMxTest.dir/Drivers/STM32F4xx_HAL_Driver/Src/stm32f4xx_hal_dma.c.obj
LOAD CMakeFiles/CubeMxTest.dir/Drivers/STM32F4xx_HAL_Driver/Src/stm32f4xx_hal_pwr.c.obj
LOAD CMakeFiles/CubeMxTest.dir/Drivers/STM32F4xx_HAL_Driver/Src/stm32f4xx_hal_pwr_ex.c.obj
LOAD CMakeFiles/CubeMxTest.dir/Drivers/STM32F4xx_HAL_Driver/Src/stm32f4xx_hal_cortex.c.obj
LOAD CMakeFiles/CubeMxTest.dir/Drivers/STM32F4xx_HAL_Driver/Src/stm32f4xx_hal.c.obj
LOAD CMakeFiles/CubeMxTest.dir/Drivers/STM32F4xx_HAL_Driver/Src/stm32f4xx_hal_exti.c.obj
LOAD CMakeFiles/CubeMxTest.dir/Core/Src/system_stm32f4xx.c.obj
LOAD CMakeFiles/CubeMxTest.dir/Core/Src/sysmem.c.obj
LOAD CMakeFiles/CubeMxTest.dir/Core/Src/syscalls.c.obj
LOAD CMakeFiles/CubeMxTest.dir/startup_stm32f411xe.s.obj
START GROUP
LOAD C:/ST/STM32CubeCLT_1.16.0/GNU-tools-for-STM32/bin/../lib/gcc/arm-none-eabi/12.3.1/thumb/v7e-m+fp/hard\libgcc.a
LOAD C:/ST/STM32CubeCLT_1.16.0/GNU-tools-for-STM32/bin/../lib/gcc/arm-none-eabi/12.3.1/../../../../arm-none-eabi/lib/thumb/v7e-m+fp/hard\libg_nano.a
LOAD C:/ST/STM32CubeCLT_1.16.0/GNU-tools-for-STM32/bin/../lib/gcc/arm-none-eabi/12.3.1/../../../../arm-none-eabi/lib/thumb/v7e-m+fp/hard\libc_nano.a
END GROUP
START GROUP
LOAD C:/ST/STM32CubeCLT_1.16.0/GNU-tools-for-STM32/bin/../lib/gcc/arm-none-eabi/12.3.1/thumb/v7e-m+fp/hard\libgcc.a
LOAD C:/ST/STM32CubeCLT_1.16.0/GNU-tools-for-STM32/bin/../lib/gcc/arm-none-eabi/12.3.1/../../../../arm-none-eabi/lib/thumb/v7e-m+fp/hard\libc_nano.a
END GROUP
LOAD C:/ST/STM32CubeCLT_1.16.0/GNU-tools-for-STM32/bin/../lib/gcc/arm-none-eabi/12.3.1/thumb/v7e-m+fp/hard/crtend.o
LOAD C:/ST/STM32CubeCLT_1.16.0/GNU-tools-for-STM32/bin/../lib/gcc/arm-none-eabi/12.3.1/thumb/v7e-m+fp/hard/crtn.o
                0x20020000                        _estack = (ORIGIN (RAM) + LENGTH (RAM))
                0x00000200                        _Min_Heap_Size = 0x200
                0x00000400                        _Min_Stack_Size = 0x400

.isr_vector     0x08000000      0x198
                0x08000000                        . = ALIGN (0x4)
 *(.isr_vector)
 .isr_vector    0x08000000      0x198 CMakeFiles/CubeMxTest.dir/startup_stm32f411xe.s.obj
                0x08000000                g_pfnVectors
                0x08000198                        . = ALIGN (0x4)

.text           0x08000198     0x1098
                0x08000198                        . = ALIGN (0x4)
 *(.text)
 .text          0x08000198       0x40 C:/ST/STM32CubeCLT_1.16.0/GNU-tools-for-STM32/bin/../lib/gcc/arm-none-eabi/12.3.1/thumb/v7e-m+fp/hard/crtbegin.o
 .text          0x080001d8       0x30 C:/ST/STM32CubeCLT_1.16.0/GNU-tools-for-STM32/bin/../lib/gcc/arm-none-eabi/12.3.1/thumb/v7e-m+fp/hard\libgcc.a(_aeabi_uldivmod.o)
                0x080001d8                __aeabi_uldivmod
 .text          0x08000208      0x2bc C:/ST/STM32CubeCLT_1.16.0/GNU-tools-for-STM32/bin/../lib/gcc/arm-none-eabi/12.3.1/thumb/v7e-m+fp/hard\libgcc.a(_udivmoddi4.o)
                0x08000208                __udivmoddi4
 .text          0x080004c4        0x4 C:/ST/STM32CubeCLT_1.16.0/GNU-tools-for-STM32/bin/../lib/gcc/arm-none-eabi/12.3.1/thumb/v7e-m+fp/hard\libgcc.a(_dvmd_tls.o)
                0x080004c4                __aeabi_idiv0
                0x080004c4                __aeabi_ldiv0
 *(.text*)
 .text.memset   0x080004c8       0x10 C:/ST/STM32CubeCLT_1.16.0/GNU-tools-for-STM32/bin/../lib/gcc/arm-none-eabi/12.3.1/../../../../arm-none-eabi/lib/thumb/v7e-m+fp/hard\libc_nano.a(libc_a-memset.o)
                0x080004c8                memset
 .text.__libc_init_array
                0x080004d8       0x48 C:/ST/STM32CubeCLT_1.16.0/GNU-tools-for-STM32/bin/../lib/gcc/arm-none-eabi/12.3.1/../../../../arm-none-eabi/lib/thumb/v7e-m+fp/hard\libc_nano.a(libc_a-init.o)
                0x080004d8                __libc_init_array
 .text.main     0x08000520       0x10 CMakeFiles/CubeMxTest.dir/Core/Src/main.c.obj
                0x08000520                main
 .text.SystemClock_Config
                0x08000530       0xbc CMakeFiles/CubeMxTest.dir/Core/Src/main.c.obj
                0x08000530                SystemClock_Config
 .text.Error_Handler
                0x080005ec        0xc CMakeFiles/CubeMxTest.dir/Core/Src/main.c.obj
                0x080005ec                Error_Handler
 .text.NMI_Handler
                0x080005f8        0x8 CMakeFiles/CubeMxTest.dir/Core/Src/stm32f4xx_it.c.obj
                0x080005f8                NMI_Handler
 .text.HardFault_Handler
                0x08000600        0x8 CMakeFiles/CubeMxTest.dir/Core/Src/stm32f4xx_it.c.obj
                0x08000600                HardFault_Handler
 .text.MemManage_Handler
                0x08000608        0x8 CMakeFiles/CubeMxTest.dir/Core/Src/stm32f4xx_it.c.obj
                0x08000608                MemManage_Handler
 .text.BusFault_Handler
                0x08000610        0x8 CMakeFiles/CubeMxTest.dir/Core/Src/stm32f4xx_it.c.obj
                0x08000610                BusFault_Handler
 .text.UsageFault_Handler
                0x08000618        0x8 CMakeFiles/CubeMxTest.dir/Core/Src/stm32f4xx_it.c.obj
                0x08000618                UsageFault_Handler
 .text.SVC_Handler
                0x08000620        0xe CMakeFiles/CubeMxTest.dir/Core/Src/stm32f4xx_it.c.obj
                0x08000620                SVC_Handler
 .text.DebugMon_Handler
                0x0800062e        0xe CMakeFiles/CubeMxTest.dir/Core/Src/stm32f4xx_it.c.obj
                0x0800062e                DebugMon_Handler
 .text.PendSV_Handler
                0x0800063c        0xe CMakeFiles/CubeMxTest.dir/Core/Src/stm32f4xx_it.c.obj
                0x0800063c                PendSV_Handler
 .text.SysTick_Handler
                0x0800064a        0xc CMakeFiles/CubeMxTest.dir/Core/Src/stm32f4xx_it.c.obj
                0x0800064a                SysTick_Handler
 *fill*         0x08000656        0x2 
 .text.HAL_MspInit
                0x08000658       0x50 CMakeFiles/CubeMxTest.dir/Core/Src/stm32f4xx_hal_msp.c.obj
                0x08000658                HAL_MspInit
 .text.HAL_RCC_OscConfig
                0x080006a8      0x4f0 CMakeFiles/CubeMxTest.dir/Drivers/STM32F4xx_HAL_Driver/Src/stm32f4xx_hal_rcc.c.obj
                0x080006a8                HAL_RCC_OscConfig
 .text.HAL_RCC_ClockConfig
                0x08000b98      0x1cc CMakeFiles/CubeMxTest.dir/Drivers/STM32F4xx_HAL_Driver/Src/stm32f4xx_hal_rcc.c.obj
                0x08000b98                HAL_RCC_ClockConfig
 .text.HAL_RCC_GetSysClockFreq
                0x08000d64      0x18c CMakeFiles/CubeMxTest.dir/Drivers/STM32F4xx_HAL_Driver/Src/stm32f4xx_hal_rcc.c.obj
                0x08000d64                HAL_RCC_GetSysClockFreq
 .text.__NVIC_SetPriorityGrouping
                0x08000ef0       0x48 CMakeFiles/CubeMxTest.dir/Drivers/STM32F4xx_HAL_Driver/Src/stm32f4xx_hal_cortex.c.obj
 .text.__NVIC_GetPriorityGrouping
                0x08000f38       0x1c CMakeFiles/CubeMxTest.dir/Drivers/STM32F4xx_HAL_Driver/Src/stm32f4xx_hal_cortex.c.obj
 .text.__NVIC_SetPriority
                0x08000f54       0x54 CMakeFiles/CubeMxTest.dir/Drivers/STM32F4xx_HAL_Driver/Src/stm32f4xx_hal_cortex.c.obj
 .text.NVIC_EncodePriority
                0x08000fa8       0x66 CMakeFiles/CubeMxTest.dir/Drivers/STM32F4xx_HAL_Driver/Src/stm32f4xx_hal_cortex.c.obj
 *fill*         0x0800100e        0x2 
 .text.SysTick_Config
                0x08001010       0x44 CMakeFiles/CubeMxTest.dir/Drivers/STM32F4xx_HAL_Driver/Src/stm32f4xx_hal_cortex.c.obj
 .text.HAL_NVIC_SetPriorityGrouping
                0x08001054       0x16 CMakeFiles/CubeMxTest.dir/Drivers/STM32F4xx_HAL_Driver/Src/stm32f4xx_hal_cortex.c.obj
                0x08001054                HAL_NVIC_SetPriorityGrouping
 .text.HAL_NVIC_SetPriority
                0x0800106a       0x38 CMakeFiles/CubeMxTest.dir/Drivers/STM32F4xx_HAL_Driver/Src/stm32f4xx_hal_cortex.c.obj
                0x0800106a                HAL_NVIC_SetPriority
 .text.HAL_SYSTICK_Config
                0x080010a2       0x18 CMakeFiles/CubeMxTest.dir/Drivers/STM32F4xx_HAL_Driver/Src/stm32f4xx_hal_cortex.c.obj
                0x080010a2                HAL_SYSTICK_Config
 *fill*         0x080010ba        0x2 
 .text.HAL_Init
                0x080010bc       0x44 CMakeFiles/CubeMxTest.dir/Drivers/STM32F4xx_HAL_Driver/Src/stm32f4xx_hal.c.obj
                0x080010bc                HAL_Init
 .text.HAL_InitTick
                0x08001100       0x60 CMakeFiles/CubeMxTest.dir/Drivers/STM32F4xx_HAL_Driver/Src/stm32f4xx_hal.c.obj
                0x08001100                HAL_InitTick
 .text.HAL_IncTick
                0x08001160       0x28 CMakeFiles/CubeMxTest.dir/Drivers/STM32F4xx_HAL_Driver/Src/stm32f4xx_hal.c.obj
                0x08001160                HAL_IncTick
 .text.HAL_GetTick
                0x08001188       0x18 CMakeFiles/CubeMxTest.dir/Drivers/STM32F4xx_HAL_Driver/Src/stm32f4xx_hal.c.obj
                0x08001188                HAL_GetTick
 .text.SystemInit
                0x080011a0       0x24 CMakeFiles/CubeMxTest.dir/Core/Src/system_stm32f4xx.c.obj
                0x080011a0                SystemInit
 .text.Reset_Handler
                0x080011c4       0x50 CMakeFiles/CubeMxTest.dir/startup_stm32f411xe.s.obj
                0x080011c4                Reset_Handler
 .text.Default_Handler
                0x08001214        0x2 CMakeFiles/CubeMxTest.dir/startup_stm32f411xe.s.obj
                0x08001214                RTC_Alarm_IRQHandler
                0x08001214                EXTI2_IRQHandler
                0x08001214                SPI4_IRQHandler
                0x08001214                TIM1_CC_IRQHandler
                0x08001214                DMA2_Stream5_IRQHandler
                0x08001214                DMA1_Stream5_IRQHandler
                0x08001214                PVD_IRQHandler
                0x08001214                SDIO_IRQHandler
                0x08001214                TAMP_STAMP_IRQHandler
                0x08001214                EXTI3_IRQHandler
                0x08001214                TIM1_UP_TIM10_IRQHandler
                0x08001214                I2C3_ER_IRQHandler
                0x08001214                EXTI0_IRQHandler
                0x08001214                I2C2_EV_IRQHandler
                0x08001214                DMA1_Stream2_IRQHandler
                0x08001214                FPU_IRQHandler
                0x08001214                DMA2_Stream2_IRQHandler
                0x08001214                SPI1_IRQHandler
                0x08001214                TIM1_BRK_TIM9_IRQHandler
                0x08001214                DMA2_Stream3_IRQHandler
                0x08001214                USART6_IRQHandler
                0x08001214                DMA2_Stream0_IRQHandler
                0x08001214                TIM4_IRQHandler
                0x08001214                I2C1_EV_IRQHandler
                0x08001214                DMA1_Stream6_IRQHandler
                0x08001214                DMA1_Stream1_IRQHandler
                0x08001214                TIM3_IRQHandler
                0x08001214                RCC_IRQHandler
                0x08001214                Default_Handler
                0x08001214                EXTI15_10_IRQHandler
                0x08001214                ADC_IRQHandler
                0x08001214                DMA1_Stream7_IRQHandler
                0x08001214                SPI5_IRQHandler
                0x08001214                TIM5_IRQHandler
                0x08001214                DMA2_Stream7_IRQHandler
                0x08001214                I2C3_EV_IRQHandler
                0x08001214                EXTI9_5_IRQHandler
                0x08001214                RTC_WKUP_IRQHandler
                0x08001214                SPI2_IRQHandler
                0x08001214                DMA1_Stream0_IRQHandler
                0x08001214                EXTI4_IRQHandler
                0x08001214                WWDG_IRQHandler
                0x08001214                TIM2_IRQHandler
                0x08001214                OTG_FS_WKUP_IRQHandler
                0x08001214                TIM1_TRG_COM_TIM11_IRQHandler
                0x08001214                EXTI1_IRQHandler
                0x08001214                USART2_IRQHandler
                0x08001214                I2C2_ER_IRQHandler
                0x08001214                DMA2_Stream1_IRQHandler
                0x08001214                FLASH_IRQHandler
                0x08001214                DMA2_Stream4_IRQHandler
                0x08001214                USART1_IRQHandler
                0x08001214                OTG_FS_IRQHandler
                0x08001214                SPI3_IRQHandler
                0x08001214                DMA1_Stream4_IRQHandler
                0x08001214                I2C1_ER_IRQHandler
                0x08001214                DMA2_Stream6_IRQHandler
                0x08001214                DMA1_Stream3_IRQHandler
 *(.glue_7)
 .glue_7        0x08001216        0x0 linker stubs
 *(.glue_7t)
 .glue_7t       0x08001216        0x0 linker stubs
 *(.eh_frame)
 *fill*         0x08001216        0x2 
 .eh_frame      0x08001218        0x0 C:/ST/STM32CubeCLT_1.16.0/GNU-tools-for-STM32/bin/../lib/gcc/arm-none-eabi/12.3.1/thumb/v7e-m+fp/hard/crtbegin.o
 *(.init)
 .init          0x08001218        0x4 C:/ST/STM32CubeCLT_1.16.0/GNU-tools-for-STM32/bin/../lib/gcc/arm-none-eabi/12.3.1/thumb/v7e-m+fp/hard/crti.o
                0x08001218                _init
 .init          0x0800121c        0x8 C:/ST/STM32CubeCLT_1.16.0/GNU-tools-for-STM32/bin/../lib/gcc/arm-none-eabi/12.3.1/thumb/v7e-m+fp/hard/crtn.o
 *(.fini)
 .fini          0x08001224        0x4 C:/ST/STM32CubeCLT_1.16.0/GNU-tools-for-STM32/bin/../lib/gcc/arm-none-eabi/12.3.1/thumb/v7e-m+fp/hard/crti.o
                0x08001224                _fini
 .fini          0x08001228        0x8 C:/ST/STM32CubeCLT_1.16.0/GNU-tools-for-STM32/bin/../lib/gcc/arm-none-eabi/12.3.1/thumb/v7e-m+fp/hard/crtn.o
                0x08001230                        . = ALIGN (0x4)
                0x08001230                        _etext = .

.vfp11_veneer   0x08001230        0x0
 .vfp11_veneer  0x08001230        0x0 linker stubs

.v4_bx          0x08001230        0x0
 .v4_bx         0x08001230        0x0 linker stubs

.iplt           0x08001230        0x0
 .iplt          0x08001230        0x0 C:/ST/STM32CubeCLT_1.16.0/GNU-tools-for-STM32/bin/../lib/gcc/arm-none-eabi/12.3.1/thumb/v7e-m+fp/hard/crtbegin.o

.rodata         0x08001230       0x10
                0x08001230                        . = ALIGN (0x4)
 *(.rodata)
 *(.rodata*)
 .rodata.AHBPrescTable
                0x08001230       0x10 CMakeFiles/CubeMxTest.dir/Core/Src/system_stm32f4xx.c.obj
                0x08001230                AHBPrescTable
                0x08001240                        . = ALIGN (0x4)

.ARM.extab
 *(.ARM.extab* .gnu.linkonce.armextab.*)

.ARM            0x08001240        0x8
                0x08001240                        __exidx_start = .
 *(.ARM.exidx*)
 .ARM.exidx     0x08001240        0x8 C:/ST/STM32CubeCLT_1.16.0/GNU-tools-for-STM32/bin/../lib/gcc/arm-none-eabi/12.3.1/thumb/v7e-m+fp/hard\libgcc.a(_udivmoddi4.o)
                0x08001248                        __exidx_end = .

.rel.dyn        0x08001248        0x0
 .rel.iplt      0x08001248        0x0 C:/ST/STM32CubeCLT_1.16.0/GNU-tools-for-STM32/bin/../lib/gcc/arm-none-eabi/12.3.1/thumb/v7e-m+fp/hard/crtbegin.o

.preinit_array  0x08001248        0x0
                0x08001248                        PROVIDE (__preinit_array_start = .)
 *(.preinit_array*)
                0x08001248                        PROVIDE (__preinit_array_end = .)

.init_array     0x08001248        0x4
                0x08001248                        PROVIDE (__init_array_start = .)
 *(SORT_BY_NAME(.init_array.*))
 *(.init_array*)
 .init_array    0x08001248        0x4 C:/ST/STM32CubeCLT_1.16.0/GNU-tools-for-STM32/bin/../lib/gcc/arm-none-eabi/12.3.1/thumb/v7e-m+fp/hard/crtbegin.o
                0x0800124c                        PROVIDE (__init_array_end = .)

.fini_array     0x0800124c        0x4
                [!provide]                        PROVIDE (__fini_array_start = .)
 *(SORT_BY_NAME(.fini_array.*))
 *(.fini_array*)
 .fini_array    0x0800124c        0x4 C:/ST/STM32CubeCLT_1.16.0/GNU-tools-for-STM32/bin/../lib/gcc/arm-none-eabi/12.3.1/thumb/v7e-m+fp/hard/crtbegin.o
                [!provide]                        PROVIDE (__fini_array_end = .)
                0x08001250                        _sidata = LOADADDR (.data)

.data           0x20000000        0xc load address 0x08001250
                0x20000000                        . = ALIGN (0x4)
                0x20000000                        _sdata = .
 *(.data)
 *(.data*)
 .data.uwTickPrio
                0x20000000        0x4 CMakeFiles/CubeMxTest.dir/Drivers/STM32F4xx_HAL_Driver/Src/stm32f4xx_hal.c.obj
                0x20000000                uwTickPrio
 .data.uwTickFreq
                0x20000004        0x1 CMakeFiles/CubeMxTest.dir/Drivers/STM32F4xx_HAL_Driver/Src/stm32f4xx_hal.c.obj
                0x20000004                uwTickFreq
 *fill*         0x20000005        0x3 
 .data.SystemCoreClock
                0x20000008        0x4 CMakeFiles/CubeMxTest.dir/Core/Src/system_stm32f4xx.c.obj
                0x20000008                SystemCoreClock
                0x2000000c                        . = ALIGN (0x4)
                0x2000000c                        _edata = .

.igot.plt       0x2000000c        0x0 load address 0x0800125c
 .igot.plt      0x2000000c        0x0 C:/ST/STM32CubeCLT_1.16.0/GNU-tools-for-STM32/bin/../lib/gcc/arm-none-eabi/12.3.1/thumb/v7e-m+fp/hard/crtbegin.o
                0x2000000c                        . = ALIGN (0x4)

.bss            0x2000000c       0x20 load address 0x0800125c
                0x2000000c                        _sbss = .
                0x2000000c                        __bss_start__ = _sbss
 *(.bss)
 .bss           0x2000000c       0x1c C:/ST/STM32CubeCLT_1.16.0/GNU-tools-for-STM32/bin/../lib/gcc/arm-none-eabi/12.3.1/thumb/v7e-m+fp/hard/crtbegin.o
 *(.bss*)
 .bss.uwTick    0x20000028        0x4 CMakeFiles/CubeMxTest.dir/Drivers/STM32F4xx_HAL_Driver/Src/stm32f4xx_hal.c.obj
                0x20000028                uwTick
 *(COMMON)
                0x2000002c                        . = ALIGN (0x4)
                0x2000002c                        _ebss = .
                0x2000002c                        __bss_end__ = _ebss

._user_heap_stack
                0x2000002c      0x604 load address 0x0800125c
                0x20000030                        . = ALIGN (0x8)
 *fill*         0x2000002c        0x4 
                [!provide]                        PROVIDE (end = .)
                0x20000030                        PROVIDE (_end = .)
                0x20000230                        . = (. + _Min_Heap_Size)
 *fill*         0x20000030      0x200 
                0x20000630                        . = (. + _Min_Stack_Size)
 *fill*         0x20000230      0x400 
                0x20000630                        . = ALIGN (0x8)

/DISCARD/
 libc.a(*)
 libm.a(*)
 libgcc.a(*)

.ARM.attributes
                0x00000000       0x30
 *(.ARM.attributes)
 .ARM.attributes
                0x00000000       0x22 C:/ST/STM32CubeCLT_1.16.0/GNU-tools-for-STM32/bin/../lib/gcc/arm-none-eabi/12.3.1/thumb/v7e-m+fp/hard/crti.o
 .ARM.attributes
                0x00000022       0x34 C:/ST/STM32CubeCLT_1.16.0/GNU-tools-for-STM32/bin/../lib/gcc/arm-none-eabi/12.3.1/thumb/v7e-m+fp/hard/crtbegin.o
 .ARM.attributes
                0x00000056       0x34 C:/ST/STM32CubeCLT_1.16.0/GNU-tools-for-STM32/bin/../lib/gcc/arm-none-eabi/12.3.1/../../../../arm-none-eabi/lib/thumb/v7e-m+fp/hard\libc_nano.a(libc_a-memset.o)
 .ARM.attributes
                0x0000008a       0x34 C:/ST/STM32CubeCLT_1.16.0/GNU-tools-for-STM32/bin/../lib/gcc/arm-none-eabi/12.3.1/../../../../arm-none-eabi/lib/thumb/v7e-m+fp/hard\libc_nano.a(libc_a-init.o)
 .ARM.attributes
                0x000000be       0x34 CMakeFiles/CubeMxTest.dir/Core/Src/main.c.obj
 .ARM.attributes
                0x000000f2       0x34 CMakeFiles/CubeMxTest.dir/Core/Src/stm32f4xx_it.c.obj
 .ARM.attributes
                0x00000126       0x34 CMakeFiles/CubeMxTest.dir/Core/Src/stm32f4xx_hal_msp.c.obj
 .ARM.attributes
                0x0000015a       0x34 CMakeFiles/CubeMxTest.dir/Drivers/STM32F4xx_HAL_Driver/Src/stm32f4xx_hal_rcc.c.obj
 .ARM.attributes
                0x0000018e       0x34 CMakeFiles/CubeMxTest.dir/Drivers/STM32F4xx_HAL_Driver/Src/stm32f4xx_hal_cortex.c.obj
 .ARM.attributes
                0x000001c2       0x34 CMakeFiles/CubeMxTest.dir/Drivers/STM32F4xx_HAL_Driver/Src/stm32f4xx_hal.c.obj
 .ARM.attributes
                0x000001f6       0x34 CMakeFiles/CubeMxTest.dir/Core/Src/system_stm32f4xx.c.obj
 .ARM.attributes
                0x0000022a       0x21 CMakeFiles/CubeMxTest.dir/startup_stm32f411xe.s.obj
 .ARM.attributes
                0x0000024b       0x22 C:/ST/STM32CubeCLT_1.16.0/GNU-tools-for-STM32/bin/../lib/gcc/arm-none-eabi/12.3.1/thumb/v7e-m+fp/hard\libgcc.a(_aeabi_uldivmod.o)
 .ARM.attributes
                0x0000026d       0x34 C:/ST/STM32CubeCLT_1.16.0/GNU-tools-for-STM32/bin/../lib/gcc/arm-none-eabi/12.3.1/thumb/v7e-m+fp/hard\libgcc.a(_udivmoddi4.o)
 .ARM.attributes
                0x000002a1       0x22 C:/ST/STM32CubeCLT_1.16.0/GNU-tools-for-STM32/bin/../lib/gcc/arm-none-eabi/12.3.1/thumb/v7e-m+fp/hard\libgcc.a(_dvmd_tls.o)
 .ARM.attributes
                0x000002c3       0x22 C:/ST/STM32CubeCLT_1.16.0/GNU-tools-for-STM32/bin/../lib/gcc/arm-none-eabi/12.3.1/thumb/v7e-m+fp/hard/crtn.o
OUTPUT(CubeMxTest.elf elf32-littlearm)
LOAD linker stubs
LOAD C:/ST/STM32CubeCLT_1.16.0/GNU-tools-for-STM32/bin/../lib/gcc/arm-none-eabi/12.3.1/../../../../arm-none-eabi/lib/thumb/v7e-m+fp/hard\libc.a
LOAD C:/ST/STM32CubeCLT_1.16.0/GNU-tools-for-STM32/bin/../lib/gcc/arm-none-eabi/12.3.1/../../../../arm-none-eabi/lib/thumb/v7e-m+fp/hard\libm.a
LOAD C:/ST/STM32CubeCLT_1.16.0/GNU-tools-for-STM32/bin/../lib/gcc/arm-none-eabi/12.3.1/thumb/v7e-m+fp/hard\libgcc.a

.debug_frame    0x00000000      0xd18
 .debug_frame   0x00000000       0x20 C:/ST/STM32CubeCLT_1.16.0/GNU-tools-for-STM32/bin/../lib/gcc/arm-none-eabi/12.3.1/../../../../arm-none-eabi/lib/thumb/v7e-m+fp/hard\libc_nano.a(libc_a-memset.o)
 .debug_frame   0x00000020       0x2c C:/ST/STM32CubeCLT_1.16.0/GNU-tools-for-STM32/bin/../lib/gcc/arm-none-eabi/12.3.1/../../../../arm-none-eabi/lib/thumb/v7e-m+fp/hard\libc_nano.a(libc_a-init.o)
 .debug_frame   0x0000004c       0x68 CMakeFiles/CubeMxTest.dir/Core/Src/main.c.obj
 .debug_frame   0x000000b4      0x104 CMakeFiles/CubeMxTest.dir/Core/Src/stm32f4xx_it.c.obj
 .debug_frame   0x000001b8       0x38 CMakeFiles/CubeMxTest.dir/Core/Src/stm32f4xx_hal_msp.c.obj
 .debug_frame   0x000001f0      0x1f4 CMakeFiles/CubeMxTest.dir/Drivers/STM32F4xx_HAL_Driver/Src/stm32f4xx_hal_rcc.c.obj
 .debug_frame   0x000003e4      0x508 CMakeFiles/CubeMxTest.dir/Drivers/STM32F4xx_HAL_Driver/Src/stm32f4xx_hal_cortex.c.obj
 .debug_frame   0x000008ec      0x374 CMakeFiles/CubeMxTest.dir/Drivers/STM32F4xx_HAL_Driver/Src/stm32f4xx_hal.c.obj
 .debug_frame   0x00000c60       0x58 CMakeFiles/CubeMxTest.dir/Core/Src/system_stm32f4xx.c.obj
 .debug_frame   0x00000cb8       0x2c C:/ST/STM32CubeCLT_1.16.0/GNU-tools-for-STM32/bin/../lib/gcc/arm-none-eabi/12.3.1/thumb/v7e-m+fp/hard\libgcc.a(_aeabi_uldivmod.o)
 .debug_frame   0x00000ce4       0x34 C:/ST/STM32CubeCLT_1.16.0/GNU-tools-for-STM32/bin/../lib/gcc/arm-none-eabi/12.3.1/thumb/v7e-m+fp/hard\libgcc.a(_udivmoddi4.o)

.debug_info     0x00000000     0x2c8d
 .debug_info    0x00000000      0x4cc CMakeFiles/CubeMxTest.dir/Core/Src/main.c.obj
 .debug_info    0x000004cc      0x112 CMakeFiles/CubeMxTest.dir/Core/Src/stm32f4xx_it.c.obj
 .debug_info    0x000005de      0x291 CMakeFiles/CubeMxTest.dir/Core/Src/stm32f4xx_hal_msp.c.obj
 .debug_info    0x0000086f      0x8f0 CMakeFiles/CubeMxTest.dir/Drivers/STM32F4xx_HAL_Driver/Src/stm32f4xx_hal_rcc.c.obj
 .debug_info    0x0000115f      0xcfc CMakeFiles/CubeMxTest.dir/Drivers/STM32F4xx_HAL_Driver/Src/stm32f4xx_hal_cortex.c.obj
 .debug_info    0x00001e5b      0x8c4 CMakeFiles/CubeMxTest.dir/Drivers/STM32F4xx_HAL_Driver/Src/stm32f4xx_hal.c.obj
 .debug_info    0x0000271f      0x53e CMakeFiles/CubeMxTest.dir/Core/Src/system_stm32f4xx.c.obj
 .debug_info    0x00002c5d       0x30 CMakeFiles/CubeMxTest.dir/startup_stm32f411xe.s.obj

.debug_abbrev   0x00000000      0xc6a
 .debug_abbrev  0x00000000      0x1c3 CMakeFiles/CubeMxTest.dir/Core/Src/main.c.obj
 .debug_abbrev  0x000001c3       0x73 CMakeFiles/CubeMxTest.dir/Core/Src/stm32f4xx_it.c.obj
 .debug_abbrev  0x00000236       0xd8 CMakeFiles/CubeMxTest.dir/Core/Src/stm32f4xx_hal_msp.c.obj
 .debug_abbrev  0x0000030e      0x2b6 CMakeFiles/CubeMxTest.dir/Drivers/STM32F4xx_HAL_Driver/Src/stm32f4xx_hal_rcc.c.obj
 .debug_abbrev  0x000005c4      0x31d CMakeFiles/CubeMxTest.dir/Drivers/STM32F4xx_HAL_Driver/Src/stm32f4xx_hal_cortex.c.obj
 .debug_abbrev  0x000008e1      0x24b CMakeFiles/CubeMxTest.dir/Drivers/STM32F4xx_HAL_Driver/Src/stm32f4xx_hal.c.obj
 .debug_abbrev  0x00000b2c      0x11a CMakeFiles/CubeMxTest.dir/Core/Src/system_stm32f4xx.c.obj
 .debug_abbrev  0x00000c46       0x24 CMakeFiles/CubeMxTest.dir/startup_stm32f411xe.s.obj

.debug_aranges  0x00000000      0x3a8
 .debug_aranges
                0x00000000       0x30 CMakeFiles/CubeMxTest.dir/Core/Src/main.c.obj
 .debug_aranges
                0x00000030       0x60 CMakeFiles/CubeMxTest.dir/Core/Src/stm32f4xx_it.c.obj
 .debug_aranges
                0x00000090       0x20 CMakeFiles/CubeMxTest.dir/Core/Src/stm32f4xx_hal_msp.c.obj
 .debug_aranges
                0x000000b0       0x88 CMakeFiles/CubeMxTest.dir/Drivers/STM32F4xx_HAL_Driver/Src/stm32f4xx_hal_rcc.c.obj
 .debug_aranges
                0x00000138      0x130 CMakeFiles/CubeMxTest.dir/Drivers/STM32F4xx_HAL_Driver/Src/stm32f4xx_hal_cortex.c.obj
 .debug_aranges
                0x00000268       0xf0 CMakeFiles/CubeMxTest.dir/Drivers/STM32F4xx_HAL_Driver/Src/stm32f4xx_hal.c.obj
 .debug_aranges
                0x00000358       0x28 CMakeFiles/CubeMxTest.dir/Core/Src/system_stm32f4xx.c.obj
 .debug_aranges
                0x00000380       0x28 CMakeFiles/CubeMxTest.dir/startup_stm32f411xe.s.obj

.debug_rnglists
                0x00000000      0x29e
 .debug_rnglists
                0x00000000       0x20 CMakeFiles/CubeMxTest.dir/Core/Src/main.c.obj
 .debug_rnglists
                0x00000020       0x43 CMakeFiles/CubeMxTest.dir/Core/Src/stm32f4xx_it.c.obj
 .debug_rnglists
                0x00000063       0x13 CMakeFiles/CubeMxTest.dir/Core/Src/stm32f4xx_hal_msp.c.obj
 .debug_rnglists
                0x00000076       0x66 CMakeFiles/CubeMxTest.dir/Drivers/STM32F4xx_HAL_Driver/Src/stm32f4xx_hal_rcc.c.obj
 .debug_rnglists
                0x000000dc       0xe0 CMakeFiles/CubeMxTest.dir/Drivers/STM32F4xx_HAL_Driver/Src/stm32f4xx_hal_cortex.c.obj
 .debug_rnglists
                0x000001bc       0xaf CMakeFiles/CubeMxTest.dir/Drivers/STM32F4xx_HAL_Driver/Src/stm32f4xx_hal.c.obj
 .debug_rnglists
                0x0000026b       0x1a CMakeFiles/CubeMxTest.dir/Core/Src/system_stm32f4xx.c.obj
 .debug_rnglists
                0x00000285       0x19 CMakeFiles/CubeMxTest.dir/startup_stm32f411xe.s.obj

.debug_macro    0x00000000    0x141be
 .debug_macro   0x00000000      0x1ba CMakeFiles/CubeMxTest.dir/Core/Src/main.c.obj
 .debug_macro   0x000001ba      0xab4 CMakeFiles/CubeMxTest.dir/Core/Src/main.c.obj
 .debug_macro   0x00000c6e      0x28f CMakeFiles/CubeMxTest.dir/Core/Src/main.c.obj
 .debug_macro   0x00000efd       0x2e CMakeFiles/CubeMxTest.dir/Core/Src/main.c.obj
 .debug_macro   0x00000f2b       0x28 CMakeFiles/CubeMxTest.dir/Core/Src/main.c.obj
 .debug_macro   0x00000f53       0x22 CMakeFiles/CubeMxTest.dir/Core/Src/main.c.obj
 .debug_macro   0x00000f75       0x8e CMakeFiles/CubeMxTest.dir/Core/Src/main.c.obj
 .debug_macro   0x00001003       0x51 CMakeFiles/CubeMxTest.dir/Core/Src/main.c.obj
 .debug_macro   0x00001054      0x103 CMakeFiles/CubeMxTest.dir/Core/Src/main.c.obj
 .debug_macro   0x00001157       0x6a CMakeFiles/CubeMxTest.dir/Core/Src/main.c.obj
 .debug_macro   0x000011c1      0x1df CMakeFiles/CubeMxTest.dir/Core/Src/main.c.obj
 .debug_macro   0x000013a0       0x1c CMakeFiles/CubeMxTest.dir/Core/Src/main.c.obj
 .debug_macro   0x000013bc       0x22 CMakeFiles/CubeMxTest.dir/Core/Src/main.c.obj
 .debug_macro   0x000013de       0xfb CMakeFiles/CubeMxTest.dir/Core/Src/main.c.obj
 .debug_macro   0x000014d9     0x1011 CMakeFiles/CubeMxTest.dir/Core/Src/main.c.obj
 .debug_macro   0x000024ea      0x11f CMakeFiles/CubeMxTest.dir/Core/Src/main.c.obj
 .debug_macro   0x00002609     0xb953 CMakeFiles/CubeMxTest.dir/Core/Src/main.c.obj
 .debug_macro   0x0000df5c       0x6d CMakeFiles/CubeMxTest.dir/Core/Src/main.c.obj
 .debug_macro   0x0000dfc9     0x369a CMakeFiles/CubeMxTest.dir/Core/Src/main.c.obj
 .debug_macro   0x00011663      0x189 CMakeFiles/CubeMxTest.dir/Core/Src/main.c.obj
 .debug_macro   0x000117ec       0x5c CMakeFiles/CubeMxTest.dir/Core/Src/main.c.obj
 .debug_macro   0x00011848      0x45c CMakeFiles/CubeMxTest.dir/Core/Src/main.c.obj
 .debug_macro   0x00011ca4      0x9e9 CMakeFiles/CubeMxTest.dir/Core/Src/main.c.obj
 .debug_macro   0x0001268d      0x115 CMakeFiles/CubeMxTest.dir/Core/Src/main.c.obj
 .debug_macro   0x000127a2      0x11b CMakeFiles/CubeMxTest.dir/Core/Src/main.c.obj
 .debug_macro   0x000128bd       0xa5 CMakeFiles/CubeMxTest.dir/Core/Src/main.c.obj
 .debug_macro   0x00012962      0x15f CMakeFiles/CubeMxTest.dir/Core/Src/main.c.obj
 .debug_macro   0x00012ac1      0x287 CMakeFiles/CubeMxTest.dir/Core/Src/main.c.obj
 .debug_macro   0x00012d48       0x5f CMakeFiles/CubeMxTest.dir/Core/Src/main.c.obj
 .debug_macro   0x00012da7      0x236 CMakeFiles/CubeMxTest.dir/Core/Src/main.c.obj
 .debug_macro   0x00012fdd      0x132 CMakeFiles/CubeMxTest.dir/Core/Src/main.c.obj
 .debug_macro   0x0001310f      0x264 CMakeFiles/CubeMxTest.dir/Core/Src/main.c.obj
 .debug_macro   0x00013373       0x2e CMakeFiles/CubeMxTest.dir/Core/Src/main.c.obj
 .debug_macro   0x000133a1      0x127 CMakeFiles/CubeMxTest.dir/Core/Src/main.c.obj
 .debug_macro   0x000134c8       0x85 CMakeFiles/CubeMxTest.dir/Core/Src/main.c.obj
 .debug_macro   0x0001354d       0x89 CMakeFiles/CubeMxTest.dir/Core/Src/main.c.obj
 .debug_macro   0x000135d6      0x126 CMakeFiles/CubeMxTest.dir/Core/Src/main.c.obj
 .debug_macro   0x000136fc      0x1c4 CMakeFiles/CubeMxTest.dir/Core/Src/stm32f4xx_it.c.obj
 .debug_macro   0x000138c0      0x1ba CMakeFiles/CubeMxTest.dir/Core/Src/stm32f4xx_hal_msp.c.obj
 .debug_macro   0x00013a7a      0x1d4 CMakeFiles/CubeMxTest.dir/Drivers/STM32F4xx_HAL_Driver/Src/stm32f4xx_hal_rcc.c.obj
 .debug_macro   0x00013c4e      0x1b0 CMakeFiles/CubeMxTest.dir/Drivers/STM32F4xx_HAL_Driver/Src/stm32f4xx_hal_cortex.c.obj
 .debug_macro   0x00013dfe      0x210 CMakeFiles/CubeMxTest.dir/Drivers/STM32F4xx_HAL_Driver/Src/stm32f4xx_hal.c.obj
 .debug_macro   0x0001400e      0x1b0 CMakeFiles/CubeMxTest.dir/Core/Src/system_stm32f4xx.c.obj

.debug_line     0x00000000     0x40ad
 .debug_line    0x00000000      0x72b CMakeFiles/CubeMxTest.dir/Core/Src/main.c.obj
 .debug_line    0x0000072b      0x782 CMakeFiles/CubeMxTest.dir/Core/Src/stm32f4xx_it.c.obj
 .debug_line    0x00000ead      0x6c0 CMakeFiles/CubeMxTest.dir/Core/Src/stm32f4xx_hal_msp.c.obj
 .debug_line    0x0000156d      0xd36 CMakeFiles/CubeMxTest.dir/Drivers/STM32F4xx_HAL_Driver/Src/stm32f4xx_hal_rcc.c.obj
 .debug_line    0x000022a3      0xc9f CMakeFiles/CubeMxTest.dir/Drivers/STM32F4xx_HAL_Driver/Src/stm32f4xx_hal_cortex.c.obj
 .debug_line    0x00002f42      0x9ad CMakeFiles/CubeMxTest.dir/Drivers/STM32F4xx_HAL_Driver/Src/stm32f4xx_hal.c.obj
 .debug_line    0x000038ef      0x744 CMakeFiles/CubeMxTest.dir/Core/Src/system_stm32f4xx.c.obj
 .debug_line    0x00004033       0x7a CMakeFiles/CubeMxTest.dir/startup_stm32f411xe.s.obj

.debug_str      0x00000000    0x7f3d7
 .debug_str     0x00000000    0x7e0af CMakeFiles/CubeMxTest.dir/Core/Src/main.c.obj
                              0x7e321 (size before relaxing)
 .debug_str     0x0007e0af       0xee CMakeFiles/CubeMxTest.dir/Core/Src/stm32f4xx_it.c.obj
                              0x7e0e7 (size before relaxing)
 .debug_str     0x0007e19d       0x51 CMakeFiles/CubeMxTest.dir/Core/Src/stm32f4xx_hal_msp.c.obj
                              0x7e173 (size before relaxing)
 .debug_str     0x0007e1ee      0x367 CMakeFiles/CubeMxTest.dir/Drivers/STM32F4xx_HAL_Driver/Src/stm32f4xx_hal_rcc.c.obj
                              0x7e657 (size before relaxing)
 .debug_str     0x0007e555      0x80f CMakeFiles/CubeMxTest.dir/Drivers/STM32F4xx_HAL_Driver/Src/stm32f4xx_hal_cortex.c.obj
                              0x7e9b9 (size before relaxing)
 .debug_str     0x0007ed64      0x5aa CMakeFiles/CubeMxTest.dir/Drivers/STM32F4xx_HAL_Driver/Src/stm32f4xx_hal.c.obj
                              0x7ec4f (size before relaxing)
 .debug_str     0x0007f30e       0x6f CMakeFiles/CubeMxTest.dir/Core/Src/system_stm32f4xx.c.obj
                              0x7e223 (size before relaxing)
 .debug_str     0x0007f37d       0x5a CMakeFiles/CubeMxTest.dir/startup_stm32f411xe.s.obj
                                 0x8e (size before relaxing)

.comment        0x00000000       0x43
 .comment       0x00000000       0x43 CMakeFiles/CubeMxTest.dir/Core/Src/main.c.obj
                                 0x44 (size before relaxing)
 .comment       0x00000043       0x44 CMakeFiles/CubeMxTest.dir/Core/Src/stm32f4xx_it.c.obj
 .comment       0x00000043       0x44 CMakeFiles/CubeMxTest.dir/Core/Src/stm32f4xx_hal_msp.c.obj
 .comment       0x00000043       0x44 CMakeFiles/CubeMxTest.dir/Drivers/STM32F4xx_HAL_Driver/Src/stm32f4xx_hal_rcc.c.obj
 .comment       0x00000043       0x44 CMakeFiles/CubeMxTest.dir/Drivers/STM32F4xx_HAL_Driver/Src/stm32f4xx_hal_cortex.c.obj
 .comment       0x00000043       0x44 CMakeFiles/CubeMxTest.dir/Drivers/STM32F4xx_HAL_Driver/Src/stm32f4xx_hal.c.obj
 .comment       0x00000043       0x44 CMakeFiles/CubeMxTest.dir/Core/Src/system_stm32f4xx.c.obj

.debug_line_str
                0x00000000       0x72
 .debug_line_str
                0x00000000       0x72 CMakeFiles/CubeMxTest.dir/startup_stm32f411xe.s.obj
